// Vitest Snapshot v1

exports[`mount component 1`] = `"<div><span> count: 4</span><button>+</button><button>-</button></div>"`;
